current directory: /home/paul/Documents/code/techuisite.github.io/techuisite_rails/.bundle/ruby/3.4.0/gems/psych-5.2.6/ext/psych
/usr/bin/ruby extconf.rb
checking for pkg-config for yaml-0.1... [" ", "", "-lyaml"]
checking for yaml.h... yes
checking for yaml_get_version() in -lyaml... yes
creating Makefile

current directory: /home/paul/Documents/code/techuisite.github.io/techuisite_rails/.bundle/ruby/3.4.0/gems/psych-5.2.6/ext/psych
make DESTDIR\= sitearchdir\=./.gem.20250805-9884-sfn7xj sitelibdir\=./.gem.20250805-9884-sfn7xj clean
cd libyaml && make clean
/bin/sh: line 1: cd: libyaml: No such file or directory
make: [Makefile:287: clean-so] Error 1 (ignored)

current directory: /home/paul/Documents/code/techuisite.github.io/techuisite_rails/.bundle/ruby/3.4.0/gems/psych-5.2.6/ext/psych
make DESTDIR\= sitearchdir\=./.gem.20250805-9884-sfn7xj sitelibdir\=./.gem.20250805-9884-sfn7xj
compiling psych.c
compiling psych_emitter.c
compiling psych_parser.c
compiling psych_to_ruby.c
compiling psych_yaml_tree.c
linking shared-object psych.so

current directory: /home/paul/Documents/code/techuisite.github.io/techuisite_rails/.bundle/ruby/3.4.0/gems/psych-5.2.6/ext/psych
make DESTDIR\= sitearchdir\=./.gem.20250805-9884-sfn7xj sitelibdir\=./.gem.20250805-9884-sfn7xj install
/usr/bin/install -c -m 0755 psych.so ./.gem.20250805-9884-sfn7xj

current directory: /home/paul/Documents/code/techuisite.github.io/techuisite_rails/.bundle/ruby/3.4.0/gems/psych-5.2.6/ext/psych
make DESTDIR\= sitearchdir\=./.gem.20250805-9884-sfn7xj sitelibdir\=./.gem.20250805-9884-sfn7xj clean
cd libyaml && make clean
/bin/sh: line 1: cd: libyaml: No such file or directory
make: [Makefile:287: clean-so] Error 1 (ignored)
