  [1m[35m (4.8ms)[0m  [1m[35mCREATE TABLE "schema_migrations" ("version" varchar NOT NULL PRIMARY KEY) /*application='TechuisiteRails'*/[0m
  [1m[35m (0.3ms)[0m  [1m[35mCREATE TABLE "ar_internal_metadata" ("key" varchar NOT NULL PRIMARY KEY, "value" varchar, "created_at" datetime(6) NOT NULL, "updated_at" datetime(6) NOT NULL) /*application='TechuisiteRails'*/[0m
  [1m[36mActiveRecord::InternalMetadata Load (0.1ms)[0m  [1m[34mSELECT * FROM "ar_internal_metadata" WHERE "ar_internal_metadata"."key" = 'environment' ORDER BY "ar_internal_metadata"."key" ASC LIMIT 1 /*application='TechuisiteRails'*/[0m
  [1m[36mActiveRecord::InternalMetadata Create (0.5ms)[0m  [1m[32mINSERT INTO "ar_internal_metadata" ("key", "value", "created_at", "updated_at") VALUES ('environment', 'development', '2025-08-05 11:46:43.012948', '2025-08-05 11:46:43.012953') RETURNING "key" /*application='TechuisiteRails'*/[0m
  [1m[36mActiveRecord::SchemaMigration Load (6.8ms)[0m  [1m[34mSELECT "schema_migrations"."version" FROM "schema_migrations" ORDER BY "schema_migrations"."version" ASC /*application='TechuisiteRails'*/[0m
Started GET "/?id=d7f58628-b907-4e34-aad9-d52d39906ff8&vscodeBrowserReqId=1754394659915" for 127.0.0.1 at 2025-08-05 04:51:00 -0700
  [1m[36mActiveRecord::SchemaMigration Load (1.0ms)[0m  [1m[34mSELECT "schema_migrations"."version" FROM "schema_migrations" ORDER BY "schema_migrations"."version" ASC /*application='TechuisiteRails'*/[0m
Processing by PagesController#home as HTML
  Parameters: {"id" => "d7f58628-b907-4e34-aad9-d52d39906ff8", "vscodeBrowserReqId" => "1754394659915"}
  Rendering layout layouts/application.html.erb
  Rendering pages/home.html.erb within layouts/application
  Rendered pages/home.html.erb within layouts/application (Duration: 1.0ms | GC: 0.0ms)
  Rendered layout layouts/application.html.erb (Duration: 91.8ms | GC: 0.0ms)
Completed 200 OK in 184ms (Views: 105.8ms | ActiveRecord: 0.0ms (0 queries, 0 cached) | GC: 0.9ms)


Started GET "/assets/application-6c9d0df4.css" for 127.0.0.1 at 2025-08-05 04:51:17 -0700
Started GET "/?id=d7f58628-b907-4e34-aad9-d52d39906ff8&vscodeBrowserReqId=1754423258484" for 127.0.0.1 at 2025-08-05 12:47:38 -0700
Processing by PagesController#home as HTML
  Parameters: {"id" => "d7f58628-b907-4e34-aad9-d52d39906ff8", "vscodeBrowserReqId" => "1754423258484"}
  Rendering layout layouts/application.html.erb
  Rendering pages/home.html.erb within layouts/application
  Rendered pages/home.html.erb within layouts/application (Duration: 4.8ms | GC: 0.0ms)
  Rendered layout layouts/application.html.erb (Duration: 84.3ms | GC: 0.0ms)
Completed 200 OK in 114ms (Views: 89.1ms | ActiveRecord: 0.0ms (0 queries, 0 cached) | GC: 3.3ms)


Started HEAD "/" for 127.0.0.1 at 2025-08-05 12:48:14 -0700
Processing by PagesController#home as */*
  Rendering layout layouts/application.html.erb
  Rendering pages/home.html.erb within layouts/application
  Rendered pages/home.html.erb within layouts/application (Duration: 0.7ms | GC: 0.0ms)
  Rendered layout layouts/application.html.erb (Duration: 6.6ms | GC: 0.7ms)
Completed 200 OK in 21ms (Views: 7.8ms | ActiveRecord: 0.0ms (0 queries, 0 cached) | GC: 0.7ms)


Writing p-keycap-69522a68.png
Writing planet-4b47b9ad.png
Writing sun-2d83f7de.png
Writing Techuisite-Header-acf2c9e4.jpg
Writing techuisite-3d1f37c3.png
Writing application-3c3ca796.css
Writing stimulus-autoloader-9d447422.js
Writing stimulus-importmap-autoloader-64cc03e1.js
Writing stimulus-loading-1fc53fe7.js
Writing stimulus-d59b3b7f.js
Writing stimulus.min-4b1e420e.js
Writing stimulus.min-2395e199.js.map
Writing turbo-a1e3a50a.js
Writing turbo.min-3a2e143f.js
Writing turbo.min-5f3b7fda.js.map
Writing actiontext.esm-f1c04d34.js
Writing actiontext-a4ee937e.js
Writing trix-4b540cb5.js
Writing trix-65afdb1d.css
Writing action_cable-5212cfee.js
Writing actioncable.esm-e0ec9819.js
Writing actioncable-ac25813f.js
Writing activestorage.esm-f2909226.js
Writing activestorage-32201f68.js
Writing rails-ujs.esm-e925103b.js
Writing rails-ujs-20eaf715.js
Writing controllers/terminal_controller-c52c1ca3.js
Writing controllers/theme_controller-7386ae7f.js
Started GET "/?id=d7f58628-b907-4e34-aad9-d52d39906ff8&vscodeBrowserReqId=1754423447256" for 127.0.0.1 at 2025-08-05 12:50:47 -0700
  [1m[36mActiveRecord::SchemaMigration Load (1.2ms)[0m  [1m[34mSELECT "schema_migrations"."version" FROM "schema_migrations" ORDER BY "schema_migrations"."version" ASC /*application='TechuisiteRails'*/[0m
Processing by PagesController#home as HTML
  Parameters: {"id" => "d7f58628-b907-4e34-aad9-d52d39906ff8", "vscodeBrowserReqId" => "1754423447256"}
  Rendering layout layouts/application.html.erb
  Rendering pages/home.html.erb within layouts/application
  Rendered pages/home.html.erb within layouts/application (Duration: 1.3ms | GC: 0.0ms)
  Rendered layout layouts/application.html.erb (Duration: 19.8ms | GC: 2.6ms)
Completed 200 OK in 92ms (Views: 32.3ms | ActiveRecord: 0.0ms (0 queries, 0 cached) | GC: 17.5ms)


Started GET "/about?id=d7f58628-b907-4e34-aad9-d52d39906ff8&vscodeBrowserReqId=1754423466598" for 127.0.0.1 at 2025-08-05 12:51:06 -0700
Processing by PagesController#about as HTML
  Parameters: {"id" => "d7f58628-b907-4e34-aad9-d52d39906ff8", "vscodeBrowserReqId" => "1754423466598"}
  Rendering layout layouts/application.html.erb
  Rendering pages/about.html.erb within layouts/application
  Rendered pages/about.html.erb within layouts/application (Duration: 1.9ms | GC: 0.8ms)
  Rendered layout layouts/application.html.erb (Duration: 13.4ms | GC: 2.0ms)
Completed 200 OK in 29ms (Views: 15.5ms | ActiveRecord: 0.0ms (0 queries, 0 cached) | GC: 2.7ms)


Started GET "/" for ::1 at 2025-08-05 12:51:44 -0700
Processing by PagesController#home as HTML
  Rendering layout layouts/application.html.erb
  Rendering pages/home.html.erb within layouts/application
  Rendered pages/home.html.erb within layouts/application (Duration: 2.7ms | GC: 0.0ms)
  Rendered layout layouts/application.html.erb (Duration: 16.7ms | GC: 0.0ms)
Completed 200 OK in 57ms (Views: 20.8ms | ActiveRecord: 0.0ms (0 queries, 0 cached) | GC: 0.0ms)


Started GET "/about" for ::1 at 2025-08-05 12:51:47 -0700
Processing by PagesController#about as HTML
  Rendering layout layouts/application.html.erb
  Rendering pages/about.html.erb within layouts/application
  Rendered pages/about.html.erb within layouts/application (Duration: 0.5ms | GC: 0.0ms)
  Rendered layout layouts/application.html.erb (Duration: 60.5ms | GC: 4.2ms)
Completed 200 OK in 98ms (Views: 61.3ms | ActiveRecord: 0.0ms (0 queries, 0 cached) | GC: 4.2ms)


Started GET "/reading" for ::1 at 2025-08-05 12:51:48 -0700
Processing by PagesController#reading as HTML
  Rendering layout layouts/application.html.erb
  Rendering pages/reading.html.erb within layouts/application
  Rendered pages/reading.html.erb within layouts/application (Duration: 33.9ms | GC: 0.0ms)
  Rendered layout layouts/application.html.erb (Duration: 46.7ms | GC: 0.0ms)
Completed 200 OK in 118ms (Views: 80.2ms | ActiveRecord: 0.0ms (0 queries, 0 cached) | GC: 0.0ms)


Started GET "/projects" for ::1 at 2025-08-05 12:51:54 -0700
Processing by PagesController#projects as HTML
  Rendering layout layouts/application.html.erb
  Rendering pages/projects.html.erb within layouts/application
  Rendered pages/projects.html.erb within layouts/application (Duration: 3.8ms | GC: 0.0ms)
  Rendered layout layouts/application.html.erb (Duration: 8.4ms | GC: 0.0ms)
Completed 200 OK in 76ms (Views: 11.5ms | ActiveRecord: 0.0ms (0 queries, 0 cached) | GC: 0.0ms)


Started GET "/about" for ::1 at 2025-08-05 12:51:59 -0700
Processing by PagesController#about as HTML
  Rendering layout layouts/application.html.erb
  Rendering pages/about.html.erb within layouts/application
  Rendered pages/about.html.erb within layouts/application (Duration: 2.4ms | GC: 0.0ms)
  Rendered layout layouts/application.html.erb (Duration: 7.7ms | GC: 0.0ms)
Completed 200 OK in 57ms (Views: 9.0ms | ActiveRecord: 0.0ms (0 queries, 0 cached) | GC: 0.6ms)


Started GET "/reading" for ::1 at 2025-08-05 12:52:05 -0700
Processing by PagesController#reading as HTML
  Rendering layout layouts/application.html.erb
  Rendering pages/reading.html.erb within layouts/application
  Rendered pages/reading.html.erb within layouts/application (Duration: 6.0ms | GC: 0.0ms)
  Rendered layout layouts/application.html.erb (Duration: 12.7ms | GC: 0.0ms)
Completed 200 OK in 59ms (Views: 23.0ms | ActiveRecord: 0.0ms (0 queries, 0 cached) | GC: 0.0ms)


Started GET "/about" for ::1 at 2025-08-05 12:52:08 -0700
Processing by PagesController#about as HTML
  Rendering layout layouts/application.html.erb
  Rendering pages/about.html.erb within layouts/application
  Rendered pages/about.html.erb within layouts/application (Duration: 0.3ms | GC: 0.0ms)
  Rendered layout layouts/application.html.erb (Duration: 8.0ms | GC: 0.0ms)
Completed 200 OK in 44ms (Views: 10.0ms | ActiveRecord: 0.0ms (0 queries, 0 cached) | GC: 0.0ms)


Started GET "/projects" for ::1 at 2025-08-05 12:52:09 -0700
Processing by PagesController#projects as HTML
  Rendering layout layouts/application.html.erb
  Rendering pages/projects.html.erb within layouts/application
  Rendered pages/projects.html.erb within layouts/application (Duration: 0.6ms | GC: 0.0ms)
  Rendered layout layouts/application.html.erb (Duration: 45.7ms | GC: 0.0ms)
Completed 200 OK in 90ms (Views: 51.1ms | ActiveRecord: 0.0ms (0 queries, 0 cached) | GC: 0.0ms)


Started GET "/" for ::1 at 2025-08-05 12:52:15 -0700
Processing by PagesController#home as HTML
  Rendering layout layouts/application.html.erb
  Rendering pages/home.html.erb within layouts/application
  Rendered pages/home.html.erb within layouts/application (Duration: 0.3ms | GC: 0.0ms)
  Rendered layout layouts/application.html.erb (Duration: 19.6ms | GC: 0.0ms)
Completed 200 OK in 66ms (Views: 21.3ms | ActiveRecord: 0.0ms (0 queries, 0 cached) | GC: 0.0ms)


